> Task :app:checkKotlinGradlePluginConfigurationErrors
> Task :app:preBuild UP-TO-DATE
> Task :app:preDebugBuild UP-TO-DATE
> Task :app:checkDebugAarMetadata UP-TO-DATE
> Task :app:generateDebugResValues UP-TO-DATE
> Task :app:mapDebugSourceSetPaths UP-TO-DATE
> Task :app:generateDebugResources UP-TO-DATE
> Task :app:mergeDebugResources UP-TO-DATE
> Task :app:packageDebugResources UP-TO-DATE
> Task :app:parseDebugLocalResources UP-TO-DATE
> Task :app:createDebugCompatibleScreenManifests UP-TO-DATE
> Task :app:extractDeepLinksDebug UP-TO-DATE
> Task :app:processDebugMainManifest UP-TO-DATE
> Task :app:processDebugManifest UP-TO-DATE
> Task :app:processDebugManifestForPackage UP-TO-DATE
> Task :app:processDebugResources UP-TO-DATE

> Task :app:kspDebugKotlin
.\gradlew : e: [ksp] InjectProcessingStep was unable to process 'userRepository' because 'error.NonExistentClass' could
 not be resolved.
所在位置 行:1 字符: 1
+ .\gradlew kspDebugKotlin 2>&1 | Out-File -Encoding utf8 compile.log
+ ~~~~~~~~~~~~~~~~~~~~~~~~~~~~~
    + CategoryInfo          : NotSpecified: (e: [ksp] Inject...ot be resolved.:String) [], RemoteException
    + FullyQualifiedErrorId : NativeCommandError
 

Dependency trace:
    => element (CLASS): com.ifafu.kyzz.ui.syllabus.GridSyllabusActivity
    => type (DECLARED superclass): com.ifafu.kyzz.ui.base.BaseActivity<error.NonExistentClass>
    => type (ERROR type argument): error.NonExistentClass

If type 'error.NonExistentClass' is a generated type, check above for compilation errors that may have prevented the ty
pe from being generated. Otherwise, ensure that type 'error.NonExistentClass' is on your classpath.
e: [ksp] InjectProcessingStep was unable to process 'cacheManager' because 'error.NonExistentClass' could not be resolv
ed.

Dependency trace:
    => element (CLASS): com.ifafu.kyzz.ui.syllabus.GridSyllabusActivity
    => type (DECLARED superclass): com.ifafu.kyzz.ui.base.BaseActivity<error.NonExistentClass>
    => type (ERROR type argument): error.NonExistentClass

If type 'error.NonExistentClass' is a generated type, check above for compilation errors that may have prevented the ty
pe from being generated. Otherwise, ensure that type 'error.NonExistentClass' is on your classpath.
e: Error occurred in KSP, check log for detail

> Task :app:kspDebugKotlin FAILED

FAILURE: Build failed with an exception.

* What went wrong:
Execution failed for task ':app:kspDebugKotlin'.
> A failure occurred while executing org.jetbrains.kotlin.compilerRunner.GradleCompilerRunnerWithWorkers$GradleKotlinCo
mpilerWorkAction
   > Compilation error. See log for more details

* Try:
> Run with --stacktrace option to get the stack trace.
> Run with --info or --debug option to get more log output.
> Run with --scan to get full insights.
> Get more help at https://help.gradle.org.

BUILD FAILED in 11s
14 actionable tasks: 2 executed, 12 up-to-date
